---
source: crates/compiler/tests/error_test/mod.rs
assertion_line: 8
expression: "<template><!----></template>"

---
[]

